Linked: (/root/catkin_ws/devel/.private/hector_nav_msgs/lib/python3/dist-packages/hector_nav_msgs/__init__.py, /root/catkin_ws/devel/lib/python3/dist-packages/hector_nav_msgs/__init__.py)
Linked: (/root/catkin_ws/devel/.private/hector_nav_msgs/lib/python3/dist-packages/hector_nav_msgs/srv/_GetSearchPosition.py, /root/catkin_ws/devel/lib/python3/dist-packages/hector_nav_msgs/srv/_GetSearchPosition.py)
Linked: (/root/catkin_ws/devel/.private/hector_nav_msgs/lib/python3/dist-packages/hector_nav_msgs/srv/_GetNormal.py, /root/catkin_ws/devel/lib/python3/dist-packages/hector_nav_msgs/srv/_GetNormal.py)
Linked: (/root/catkin_ws/devel/.private/hector_nav_msgs/lib/python3/dist-packages/hector_nav_msgs/srv/_GetRecoveryInfo.py, /root/catkin_ws/devel/lib/python3/dist-packages/hector_nav_msgs/srv/_GetRecoveryInfo.py)
Linked: (/root/catkin_ws/devel/.private/hector_nav_msgs/lib/python3/dist-packages/hector_nav_msgs/srv/__init__.py, /root/catkin_ws/devel/lib/python3/dist-packages/hector_nav_msgs/srv/__init__.py)
Linked: (/root/catkin_ws/devel/.private/hector_nav_msgs/lib/python3/dist-packages/hector_nav_msgs/srv/_GetDistanceToObstacle.py, /root/catkin_ws/devel/lib/python3/dist-packages/hector_nav_msgs/srv/_GetDistanceToObstacle.py)
Linked: (/root/catkin_ws/devel/.private/hector_nav_msgs/lib/python3/dist-packages/hector_nav_msgs/srv/_GetRobotTrajectory.py, /root/catkin_ws/devel/lib/python3/dist-packages/hector_nav_msgs/srv/_GetRobotTrajectory.py)
Linked: (/root/catkin_ws/devel/.private/hector_nav_msgs/lib/pkgconfig/hector_nav_msgs.pc, /root/catkin_ws/devel/lib/pkgconfig/hector_nav_msgs.pc)
Linked: (/root/catkin_ws/devel/.private/hector_nav_msgs/share/roseus/ros/hector_nav_msgs/manifest.l, /root/catkin_ws/devel/share/roseus/ros/hector_nav_msgs/manifest.l)
Linked: (/root/catkin_ws/devel/.private/hector_nav_msgs/share/roseus/ros/hector_nav_msgs/srv/GetNormal.l, /root/catkin_ws/devel/share/roseus/ros/hector_nav_msgs/srv/GetNormal.l)
Linked: (/root/catkin_ws/devel/.private/hector_nav_msgs/share/roseus/ros/hector_nav_msgs/srv/GetRobotTrajectory.l, /root/catkin_ws/devel/share/roseus/ros/hector_nav_msgs/srv/GetRobotTrajectory.l)
Linked: (/root/catkin_ws/devel/.private/hector_nav_msgs/share/roseus/ros/hector_nav_msgs/srv/GetDistanceToObstacle.l, /root/catkin_ws/devel/share/roseus/ros/hector_nav_msgs/srv/GetDistanceToObstacle.l)
Linked: (/root/catkin_ws/devel/.private/hector_nav_msgs/share/roseus/ros/hector_nav_msgs/srv/GetSearchPosition.l, /root/catkin_ws/devel/share/roseus/ros/hector_nav_msgs/srv/GetSearchPosition.l)
Linked: (/root/catkin_ws/devel/.private/hector_nav_msgs/share/roseus/ros/hector_nav_msgs/srv/GetRecoveryInfo.l, /root/catkin_ws/devel/share/roseus/ros/hector_nav_msgs/srv/GetRecoveryInfo.l)
Linked: (/root/catkin_ws/devel/.private/hector_nav_msgs/share/gennodejs/ros/hector_nav_msgs/_index.js, /root/catkin_ws/devel/share/gennodejs/ros/hector_nav_msgs/_index.js)
Linked: (/root/catkin_ws/devel/.private/hector_nav_msgs/share/gennodejs/ros/hector_nav_msgs/srv/GetDistanceToObstacle.js, /root/catkin_ws/devel/share/gennodejs/ros/hector_nav_msgs/srv/GetDistanceToObstacle.js)
Linked: (/root/catkin_ws/devel/.private/hector_nav_msgs/share/gennodejs/ros/hector_nav_msgs/srv/_index.js, /root/catkin_ws/devel/share/gennodejs/ros/hector_nav_msgs/srv/_index.js)
Linked: (/root/catkin_ws/devel/.private/hector_nav_msgs/share/gennodejs/ros/hector_nav_msgs/srv/GetNormal.js, /root/catkin_ws/devel/share/gennodejs/ros/hector_nav_msgs/srv/GetNormal.js)
Linked: (/root/catkin_ws/devel/.private/hector_nav_msgs/share/gennodejs/ros/hector_nav_msgs/srv/GetSearchPosition.js, /root/catkin_ws/devel/share/gennodejs/ros/hector_nav_msgs/srv/GetSearchPosition.js)
Linked: (/root/catkin_ws/devel/.private/hector_nav_msgs/share/gennodejs/ros/hector_nav_msgs/srv/GetRecoveryInfo.js, /root/catkin_ws/devel/share/gennodejs/ros/hector_nav_msgs/srv/GetRecoveryInfo.js)
Linked: (/root/catkin_ws/devel/.private/hector_nav_msgs/share/gennodejs/ros/hector_nav_msgs/srv/GetRobotTrajectory.js, /root/catkin_ws/devel/share/gennodejs/ros/hector_nav_msgs/srv/GetRobotTrajectory.js)
Linked: (/root/catkin_ws/devel/.private/hector_nav_msgs/share/hector_nav_msgs/cmake/hector_nav_msgsConfig.cmake, /root/catkin_ws/devel/share/hector_nav_msgs/cmake/hector_nav_msgsConfig.cmake)
Linked: (/root/catkin_ws/devel/.private/hector_nav_msgs/share/hector_nav_msgs/cmake/hector_nav_msgsConfig-version.cmake, /root/catkin_ws/devel/share/hector_nav_msgs/cmake/hector_nav_msgsConfig-version.cmake)
Linked: (/root/catkin_ws/devel/.private/hector_nav_msgs/share/hector_nav_msgs/cmake/hector_nav_msgs-msg-paths.cmake, /root/catkin_ws/devel/share/hector_nav_msgs/cmake/hector_nav_msgs-msg-paths.cmake)
Linked: (/root/catkin_ws/devel/.private/hector_nav_msgs/share/hector_nav_msgs/cmake/hector_nav_msgs-msg-extras.cmake, /root/catkin_ws/devel/share/hector_nav_msgs/cmake/hector_nav_msgs-msg-extras.cmake)
Linked: (/root/catkin_ws/devel/.private/hector_nav_msgs/share/common-lisp/ros/hector_nav_msgs/srv/_package.lisp, /root/catkin_ws/devel/share/common-lisp/ros/hector_nav_msgs/srv/_package.lisp)
Linked: (/root/catkin_ws/devel/.private/hector_nav_msgs/share/common-lisp/ros/hector_nav_msgs/srv/GetDistanceToObstacle.lisp, /root/catkin_ws/devel/share/common-lisp/ros/hector_nav_msgs/srv/GetDistanceToObstacle.lisp)
Linked: (/root/catkin_ws/devel/.private/hector_nav_msgs/share/common-lisp/ros/hector_nav_msgs/srv/_package_GetNormal.lisp, /root/catkin_ws/devel/share/common-lisp/ros/hector_nav_msgs/srv/_package_GetNormal.lisp)
Linked: (/root/catkin_ws/devel/.private/hector_nav_msgs/share/common-lisp/ros/hector_nav_msgs/srv/GetSearchPosition.lisp, /root/catkin_ws/devel/share/common-lisp/ros/hector_nav_msgs/srv/GetSearchPosition.lisp)
Linked: (/root/catkin_ws/devel/.private/hector_nav_msgs/share/common-lisp/ros/hector_nav_msgs/srv/GetNormal.lisp, /root/catkin_ws/devel/share/common-lisp/ros/hector_nav_msgs/srv/GetNormal.lisp)
Linked: (/root/catkin_ws/devel/.private/hector_nav_msgs/share/common-lisp/ros/hector_nav_msgs/srv/hector_nav_msgs-srv.asd, /root/catkin_ws/devel/share/common-lisp/ros/hector_nav_msgs/srv/hector_nav_msgs-srv.asd)
Linked: (/root/catkin_ws/devel/.private/hector_nav_msgs/share/common-lisp/ros/hector_nav_msgs/srv/GetRobotTrajectory.lisp, /root/catkin_ws/devel/share/common-lisp/ros/hector_nav_msgs/srv/GetRobotTrajectory.lisp)
Linked: (/root/catkin_ws/devel/.private/hector_nav_msgs/share/common-lisp/ros/hector_nav_msgs/srv/_package_GetSearchPosition.lisp, /root/catkin_ws/devel/share/common-lisp/ros/hector_nav_msgs/srv/_package_GetSearchPosition.lisp)
Linked: (/root/catkin_ws/devel/.private/hector_nav_msgs/share/common-lisp/ros/hector_nav_msgs/srv/_package_GetRobotTrajectory.lisp, /root/catkin_ws/devel/share/common-lisp/ros/hector_nav_msgs/srv/_package_GetRobotTrajectory.lisp)
Linked: (/root/catkin_ws/devel/.private/hector_nav_msgs/share/common-lisp/ros/hector_nav_msgs/srv/_package_GetRecoveryInfo.lisp, /root/catkin_ws/devel/share/common-lisp/ros/hector_nav_msgs/srv/_package_GetRecoveryInfo.lisp)
Linked: (/root/catkin_ws/devel/.private/hector_nav_msgs/share/common-lisp/ros/hector_nav_msgs/srv/GetRecoveryInfo.lisp, /root/catkin_ws/devel/share/common-lisp/ros/hector_nav_msgs/srv/GetRecoveryInfo.lisp)
Linked: (/root/catkin_ws/devel/.private/hector_nav_msgs/share/common-lisp/ros/hector_nav_msgs/srv/_package_GetDistanceToObstacle.lisp, /root/catkin_ws/devel/share/common-lisp/ros/hector_nav_msgs/srv/_package_GetDistanceToObstacle.lisp)
Linked: (/root/catkin_ws/devel/.private/hector_nav_msgs/include/hector_nav_msgs/GetNormalRequest.h, /root/catkin_ws/devel/include/hector_nav_msgs/GetNormalRequest.h)
Linked: (/root/catkin_ws/devel/.private/hector_nav_msgs/include/hector_nav_msgs/GetRobotTrajectory.h, /root/catkin_ws/devel/include/hector_nav_msgs/GetRobotTrajectory.h)
Linked: (/root/catkin_ws/devel/.private/hector_nav_msgs/include/hector_nav_msgs/GetRecoveryInfoResponse.h, /root/catkin_ws/devel/include/hector_nav_msgs/GetRecoveryInfoResponse.h)
Linked: (/root/catkin_ws/devel/.private/hector_nav_msgs/include/hector_nav_msgs/GetNormalResponse.h, /root/catkin_ws/devel/include/hector_nav_msgs/GetNormalResponse.h)
Linked: (/root/catkin_ws/devel/.private/hector_nav_msgs/include/hector_nav_msgs/GetDistanceToObstacleResponse.h, /root/catkin_ws/devel/include/hector_nav_msgs/GetDistanceToObstacleResponse.h)
Linked: (/root/catkin_ws/devel/.private/hector_nav_msgs/include/hector_nav_msgs/GetRecoveryInfoRequest.h, /root/catkin_ws/devel/include/hector_nav_msgs/GetRecoveryInfoRequest.h)
Linked: (/root/catkin_ws/devel/.private/hector_nav_msgs/include/hector_nav_msgs/GetRobotTrajectoryResponse.h, /root/catkin_ws/devel/include/hector_nav_msgs/GetRobotTrajectoryResponse.h)
Linked: (/root/catkin_ws/devel/.private/hector_nav_msgs/include/hector_nav_msgs/GetRobotTrajectoryRequest.h, /root/catkin_ws/devel/include/hector_nav_msgs/GetRobotTrajectoryRequest.h)
Linked: (/root/catkin_ws/devel/.private/hector_nav_msgs/include/hector_nav_msgs/GetNormal.h, /root/catkin_ws/devel/include/hector_nav_msgs/GetNormal.h)
Linked: (/root/catkin_ws/devel/.private/hector_nav_msgs/include/hector_nav_msgs/GetRecoveryInfo.h, /root/catkin_ws/devel/include/hector_nav_msgs/GetRecoveryInfo.h)
Linked: (/root/catkin_ws/devel/.private/hector_nav_msgs/include/hector_nav_msgs/GetSearchPositionRequest.h, /root/catkin_ws/devel/include/hector_nav_msgs/GetSearchPositionRequest.h)
Linked: (/root/catkin_ws/devel/.private/hector_nav_msgs/include/hector_nav_msgs/GetDistanceToObstacle.h, /root/catkin_ws/devel/include/hector_nav_msgs/GetDistanceToObstacle.h)
Linked: (/root/catkin_ws/devel/.private/hector_nav_msgs/include/hector_nav_msgs/GetDistanceToObstacleRequest.h, /root/catkin_ws/devel/include/hector_nav_msgs/GetDistanceToObstacleRequest.h)
Linked: (/root/catkin_ws/devel/.private/hector_nav_msgs/include/hector_nav_msgs/GetSearchPosition.h, /root/catkin_ws/devel/include/hector_nav_msgs/GetSearchPosition.h)
Linked: (/root/catkin_ws/devel/.private/hector_nav_msgs/include/hector_nav_msgs/GetSearchPositionResponse.h, /root/catkin_ws/devel/include/hector_nav_msgs/GetSearchPositionResponse.h)
