Linked: (/root/catkin_ws/devel/.private/hector_mapping/lib/hector_mapping/hector_mapping, /root/catkin_ws/devel/lib/hector_mapping/hector_mapping)
Linked: (/root/catkin_ws/devel/.private/hector_mapping/lib/python3/dist-packages/hector_mapping/__init__.py, /root/catkin_ws/devel/lib/python3/dist-packages/hector_mapping/__init__.py)
Linked: (/root/catkin_ws/devel/.private/hector_mapping/lib/python3/dist-packages/hector_mapping/msg/_HectorDebugInfo.py, /root/catkin_ws/devel/lib/python3/dist-packages/hector_mapping/msg/_HectorDebugInfo.py)
Linked: (/root/catkin_ws/devel/.private/hector_mapping/lib/python3/dist-packages/hector_mapping/msg/__init__.py, /root/catkin_ws/devel/lib/python3/dist-packages/hector_mapping/msg/__init__.py)
Linked: (/root/catkin_ws/devel/.private/hector_mapping/lib/python3/dist-packages/hector_mapping/msg/_HectorIterData.py, /root/catkin_ws/devel/lib/python3/dist-packages/hector_mapping/msg/_HectorIterData.py)
Linked: (/root/catkin_ws/devel/.private/hector_mapping/lib/python3/dist-packages/hector_mapping/srv/__init__.py, /root/catkin_ws/devel/lib/python3/dist-packages/hector_mapping/srv/__init__.py)
Linked: (/root/catkin_ws/devel/.private/hector_mapping/lib/python3/dist-packages/hector_mapping/srv/_ResetMapping.py, /root/catkin_ws/devel/lib/python3/dist-packages/hector_mapping/srv/_ResetMapping.py)
Linked: (/root/catkin_ws/devel/.private/hector_mapping/lib/pkgconfig/hector_mapping.pc, /root/catkin_ws/devel/lib/pkgconfig/hector_mapping.pc)
Linked: (/root/catkin_ws/devel/.private/hector_mapping/share/roseus/ros/hector_mapping/manifest.l, /root/catkin_ws/devel/share/roseus/ros/hector_mapping/manifest.l)
Linked: (/root/catkin_ws/devel/.private/hector_mapping/share/roseus/ros/hector_mapping/msg/HectorIterData.l, /root/catkin_ws/devel/share/roseus/ros/hector_mapping/msg/HectorIterData.l)
Linked: (/root/catkin_ws/devel/.private/hector_mapping/share/roseus/ros/hector_mapping/msg/HectorDebugInfo.l, /root/catkin_ws/devel/share/roseus/ros/hector_mapping/msg/HectorDebugInfo.l)
Linked: (/root/catkin_ws/devel/.private/hector_mapping/share/roseus/ros/hector_mapping/srv/ResetMapping.l, /root/catkin_ws/devel/share/roseus/ros/hector_mapping/srv/ResetMapping.l)
Linked: (/root/catkin_ws/devel/.private/hector_mapping/share/gennodejs/ros/hector_mapping/_index.js, /root/catkin_ws/devel/share/gennodejs/ros/hector_mapping/_index.js)
Linked: (/root/catkin_ws/devel/.private/hector_mapping/share/gennodejs/ros/hector_mapping/msg/_index.js, /root/catkin_ws/devel/share/gennodejs/ros/hector_mapping/msg/_index.js)
Linked: (/root/catkin_ws/devel/.private/hector_mapping/share/gennodejs/ros/hector_mapping/msg/HectorIterData.js, /root/catkin_ws/devel/share/gennodejs/ros/hector_mapping/msg/HectorIterData.js)
Linked: (/root/catkin_ws/devel/.private/hector_mapping/share/gennodejs/ros/hector_mapping/msg/HectorDebugInfo.js, /root/catkin_ws/devel/share/gennodejs/ros/hector_mapping/msg/HectorDebugInfo.js)
Linked: (/root/catkin_ws/devel/.private/hector_mapping/share/gennodejs/ros/hector_mapping/srv/_index.js, /root/catkin_ws/devel/share/gennodejs/ros/hector_mapping/srv/_index.js)
Linked: (/root/catkin_ws/devel/.private/hector_mapping/share/gennodejs/ros/hector_mapping/srv/ResetMapping.js, /root/catkin_ws/devel/share/gennodejs/ros/hector_mapping/srv/ResetMapping.js)
Linked: (/root/catkin_ws/devel/.private/hector_mapping/share/hector_mapping/cmake/hector_mappingConfig.cmake, /root/catkin_ws/devel/share/hector_mapping/cmake/hector_mappingConfig.cmake)
Linked: (/root/catkin_ws/devel/.private/hector_mapping/share/hector_mapping/cmake/hector_mapping-msg-paths.cmake, /root/catkin_ws/devel/share/hector_mapping/cmake/hector_mapping-msg-paths.cmake)
Linked: (/root/catkin_ws/devel/.private/hector_mapping/share/hector_mapping/cmake/hector_mapping-msg-extras.cmake, /root/catkin_ws/devel/share/hector_mapping/cmake/hector_mapping-msg-extras.cmake)
Linked: (/root/catkin_ws/devel/.private/hector_mapping/share/hector_mapping/cmake/hector_mappingConfig-version.cmake, /root/catkin_ws/devel/share/hector_mapping/cmake/hector_mappingConfig-version.cmake)
Linked: (/root/catkin_ws/devel/.private/hector_mapping/share/common-lisp/ros/hector_mapping/msg/_package.lisp, /root/catkin_ws/devel/share/common-lisp/ros/hector_mapping/msg/_package.lisp)
Linked: (/root/catkin_ws/devel/.private/hector_mapping/share/common-lisp/ros/hector_mapping/msg/_package_HectorIterData.lisp, /root/catkin_ws/devel/share/common-lisp/ros/hector_mapping/msg/_package_HectorIterData.lisp)
Linked: (/root/catkin_ws/devel/.private/hector_mapping/share/common-lisp/ros/hector_mapping/msg/hector_mapping-msg.asd, /root/catkin_ws/devel/share/common-lisp/ros/hector_mapping/msg/hector_mapping-msg.asd)
Linked: (/root/catkin_ws/devel/.private/hector_mapping/share/common-lisp/ros/hector_mapping/msg/HectorIterData.lisp, /root/catkin_ws/devel/share/common-lisp/ros/hector_mapping/msg/HectorIterData.lisp)
Linked: (/root/catkin_ws/devel/.private/hector_mapping/share/common-lisp/ros/hector_mapping/msg/_package_HectorDebugInfo.lisp, /root/catkin_ws/devel/share/common-lisp/ros/hector_mapping/msg/_package_HectorDebugInfo.lisp)
Linked: (/root/catkin_ws/devel/.private/hector_mapping/share/common-lisp/ros/hector_mapping/msg/HectorDebugInfo.lisp, /root/catkin_ws/devel/share/common-lisp/ros/hector_mapping/msg/HectorDebugInfo.lisp)
Linked: (/root/catkin_ws/devel/.private/hector_mapping/share/common-lisp/ros/hector_mapping/srv/_package.lisp, /root/catkin_ws/devel/share/common-lisp/ros/hector_mapping/srv/_package.lisp)
Linked: (/root/catkin_ws/devel/.private/hector_mapping/share/common-lisp/ros/hector_mapping/srv/ResetMapping.lisp, /root/catkin_ws/devel/share/common-lisp/ros/hector_mapping/srv/ResetMapping.lisp)
Linked: (/root/catkin_ws/devel/.private/hector_mapping/share/common-lisp/ros/hector_mapping/srv/hector_mapping-srv.asd, /root/catkin_ws/devel/share/common-lisp/ros/hector_mapping/srv/hector_mapping-srv.asd)
Linked: (/root/catkin_ws/devel/.private/hector_mapping/share/common-lisp/ros/hector_mapping/srv/_package_ResetMapping.lisp, /root/catkin_ws/devel/share/common-lisp/ros/hector_mapping/srv/_package_ResetMapping.lisp)
Linked: (/root/catkin_ws/devel/.private/hector_mapping/include/hector_mapping/ResetMappingResponse.h, /root/catkin_ws/devel/include/hector_mapping/ResetMappingResponse.h)
Linked: (/root/catkin_ws/devel/.private/hector_mapping/include/hector_mapping/HectorDebugInfo.h, /root/catkin_ws/devel/include/hector_mapping/HectorDebugInfo.h)
Linked: (/root/catkin_ws/devel/.private/hector_mapping/include/hector_mapping/ResetMapping.h, /root/catkin_ws/devel/include/hector_mapping/ResetMapping.h)
Linked: (/root/catkin_ws/devel/.private/hector_mapping/include/hector_mapping/ResetMappingRequest.h, /root/catkin_ws/devel/include/hector_mapping/ResetMappingRequest.h)
Linked: (/root/catkin_ws/devel/.private/hector_mapping/include/hector_mapping/HectorIterData.h, /root/catkin_ws/devel/include/hector_mapping/HectorIterData.h)
