Performing C SOURCE FILE Test CMAKE_HAVE_LIBC_PTHREAD failed with the following output:
Change Dir: /root/catkin_ws/build/slam_gmapping/CMakeFiles/CMakeTmp

Run Build Command(s):/usr/bin/make cmTC_6ac7c/fast && /usr/bin/make -f CMakeFiles/cmTC_6ac7c.dir/build.make CMakeFiles/cmTC_6ac7c.dir/build
make[1]: Entering directory '/root/catkin_ws/build/slam_gmapping/CMakeFiles/CMakeTmp'
Building C object CMakeFiles/cmTC_6ac7c.dir/src.c.o
/usr/bin/cc   -DCMAKE_HAVE_LIBC_PTHREAD   -o CMakeFiles/cmTC_6ac7c.dir/src.c.o   -c /root/catkin_ws/build/slam_gmapping/CMakeFiles/CMakeTmp/src.c
Linking C executable cmTC_6ac7c
/usr/bin/cmake -E cmake_link_script CMakeFiles/cmTC_6ac7c.dir/link.txt --verbose=1
/usr/bin/cc  -DCMAKE_HAVE_LIBC_PTHREAD    -rdynamic CMakeFiles/cmTC_6ac7c.dir/src.c.o  -o cmTC_6ac7c 
/usr/bin/ld: CMakeFiles/cmTC_6ac7c.dir/src.c.o: in function `main':
src.c:(.text+0x46): undefined reference to `pthread_create'
/usr/bin/ld: src.c:(.text+0x52): undefined reference to `pthread_detach'
/usr/bin/ld: src.c:(.text+0x63): undefined reference to `pthread_join'
collect2: error: ld returned 1 exit status
make[1]: *** [CMakeFiles/cmTC_6ac7c.dir/build.make:87: cmTC_6ac7c] Error 1
make[1]: Leaving directory '/root/catkin_ws/build/slam_gmapping/CMakeFiles/CMakeTmp'
make: *** [Makefile:121: cmTC_6ac7c/fast] Error 2


Source file was:
#include <pthread.h>

void* test_func(void* data)
{
  return data;
}

int main(void)
{
  pthread_t thread;
  pthread_create(&thread, NULL, test_func, NULL);
  pthread_detach(thread);
  pthread_join(thread, NULL);
  pthread_atfork(NULL, NULL, NULL);
  pthread_exit(NULL);

  return 0;
}

Determining if the function pthread_create exists in the pthreads failed with the following output:
Change Dir: /root/catkin_ws/build/slam_gmapping/CMakeFiles/CMakeTmp

Run Build Command(s):/usr/bin/make cmTC_581eb/fast && /usr/bin/make -f CMakeFiles/cmTC_581eb.dir/build.make CMakeFiles/cmTC_581eb.dir/build
make[1]: Entering directory '/root/catkin_ws/build/slam_gmapping/CMakeFiles/CMakeTmp'
Building C object CMakeFiles/cmTC_581eb.dir/CheckFunctionExists.c.o
/usr/bin/cc   -DCHECK_FUNCTION_EXISTS=pthread_create   -o CMakeFiles/cmTC_581eb.dir/CheckFunctionExists.c.o   -c /usr/share/cmake-3.16/Modules/CheckFunctionExists.c
Linking C executable cmTC_581eb
/usr/bin/cmake -E cmake_link_script CMakeFiles/cmTC_581eb.dir/link.txt --verbose=1
/usr/bin/cc  -DCHECK_FUNCTION_EXISTS=pthread_create    -rdynamic CMakeFiles/cmTC_581eb.dir/CheckFunctionExists.c.o  -o cmTC_581eb  -lpthreads 
/usr/bin/ld: cannot find -lpthreads
collect2: error: ld returned 1 exit status
make[1]: *** [CMakeFiles/cmTC_581eb.dir/build.make:87: cmTC_581eb] Error 1
make[1]: Leaving directory '/root/catkin_ws/build/slam_gmapping/CMakeFiles/CMakeTmp'
make: *** [Makefile:121: cmTC_581eb/fast] Error 2



